[0.003s][info][gc] Using Serial
[4,422s][info][gc] GC(0) Pause Young (Allocation Failure) 5M->2M(15M) 12,994ms
[4,510s][info][gc] GC(1) Pause Young (Allocation Failure) 7M->3M(15M) 3,519ms
[4,574s][info][gc] GC(2) Pause Young (Allocation Failure) 7M->4M(15M) 4,756ms
[4,664s][info][gc] GC(3) Pause Young (Allocation Failure) 9M->5M(15M) 3,360ms
[4,836s][info][gc] GC(4) Pause Young (Allocation Failure) 9M->5M(15M) 4,063ms
[5,031s][info][gc] GC(5) Pause Young (Allocation Failure) 10M->6M(15M) 4,927ms
[31,074s][info][gc] GC(6) Pause Young (Allocation Failure) 11M->7M(15M) 3,136ms
[33,324s][info][gc] GC(7) Pause Young (Allocation Failure) 11M->9M(15M) 7,028ms
[33,343s][info][gc] GC(8) Pause Young (Allocation Failure) 13M->13M(15M) 0,036ms
[33,377s][info][gc] GC(9) Pause Full (Allocation Failure) 13M->9M(15M) 34,008ms
[33,394s][info][gc] GC(10) Pause Young (Allocation Failure) 13M->13M(15M) 0,022ms
[33,414s][info][gc] GC(11) Pause Full (Allocation Failure) 13M->7M(15M) 19,992ms
[33,442s][info][gc] GC(12) Pause Young (Allocation Failure) 12M->10M(15M) 5,024ms
[33,460s][info][gc] GC(13) Pause Young (Allocation Failure) 14M->14M(15M) 0,025ms
[33,481s][info][gc] GC(14) Pause Full (Allocation Failure) 14M->9M(15M) 20,473ms
[43,074s][info][gc] GC(15) Pause Young (Allocation Failure) 13M->13M(15M) 0,067ms
[43,093s][info][gc] GC(16) Pause Full (Allocation Failure) 13M->6M(15M) 18,397ms
[87,085s][info][gc] GC(17) Pause Young (Allocation Failure) 10M->6M(15M) 1,647ms
[93,638s][info][gc] GC(18) Pause Young (Allocation Failure) 10M->8M(15M) 3,457ms
[93,647s][info][gc] GC(19) Pause Young (Allocation Failure) 13M->13M(15M) 0,064ms
[93,670s][info][gc] GC(20) Pause Full (Allocation Failure) 13M->8M(15M) 22,431ms
[93,681s][info][gc] GC(21) Pause Young (Allocation Failure) 13M->13M(15M) 0,076ms
[93,698s][info][gc] GC(22) Pause Full (Allocation Failure) 13M->7M(15M) 17,416ms
[93,715s][info][gc] GC(23) Pause Young (Allocation Failure) 12M->10M(15M) 4,724ms
[93,727s][info][gc] GC(24) Pause Young (Allocation Failure) 14M->14M(15M) 0,049ms
[93,746s][info][gc] GC(25) Pause Full (Allocation Failure) 14M->8M(15M) 19,463ms
[106,088s][info][gc] GC(26) Pause Young (Allocation Failure) 13M->13M(15M) 0,055ms
[106,106s][info][gc] GC(27) Pause Full (Allocation Failure) 13M->6M(15M) 17,564ms
[150,097s][info][gc] GC(28) Pause Young (Allocation Failure) 10M->6M(15M) 1,255ms
